wget
wireless_tools
wpa_supplicant
smartmontools
wayland
xdg-utils
hyprland
hyprpicker
kitty
xdg-desktop-portal-hyprland
qt5-wayland
qt6-wayland
polkit-kde-agent
base-devel
base
git
lz4
grub
clang
curl
mesa
vulkan-tools
vulkan-swrast
lib32-vulkan-swrast
linux-zen
linux-zen-headers
btop
fastfetch
yay
paru
neovim
nautilus
swww
networkmanager
sddm
fuse
yazi
zoxide
chafa
xf86-input-libinput
rofi
xorg-xinit
xorg-server
brightnessctl
cliphist
firefox
fish
rate-mirrors
starship
flatpak
resources
fzf
ripgrep
fd
tmux
yank
tree
ffmpeg
imagemagick
libpng
libwebp
libjpeg
ttf-firacode-nerd
ttf-jetbrains-mono-nerd
pango
cairo
libultrahdr
perl
noto-fonts-extra
noto-fonts
noto-fonts-cjk
noto-fonts-emoji
qt5-graphicaleffects
qt5-svg
qt5-quickcontrols2
gvfs
gvfs-mtp
mtpfs
xorg-xwayland
xorg
pokego
cmatrix-git
playerctl
pipes.sh
gearlever
mtp
catppuccin-cursors-mocha
jmtpfs
keyd
catppuccin-gtk-theme-mocha
nwg-look
libnotify
unzip
pamixer
otf-font-awesome
ttf-font-awesome
pavucontrol
nm-connection-editor
power-profiles-daemon
bluez
bluez-utils
cmake
meson
cpio
pkg-config
git
gpp
gcc
rustup
pipewire
pipewire-alsa
pipewire-jack
pipewire-pulse
gst-plugin-pipewire
libpulse
wireplumber
cava
spotify
spicetify-cli
ags-hyprpanel-git
