ags-hyprpanel-git
aylurs-gtk-shell-git
base
base-devel
bat
bc
bluez
bluez-utils
brightnessctl
btop
cairo
catppuccin-cursors-mocha
catppuccin-gtk-theme-mocha
cava
chafa
clang
cliphist
cmake
cmatrix-git
cpio
curl
dart-sass
eww
fastfetch
fd
ffmpeg
firefox
fish
flatpak
fontconfig
fuse
fzf
gcc
gearlever
git
gnupg
grimblast-git
grub
gst-plugin-pipewire
gtk-layer-shell
gtk3
gtksourceview3
gvfs
gvfs-mtp
hyprland
hyprlock
hyprpaper
hyprpicker
hyprshot
hyprsunset-git
imagemagick
jmtpfs
keyd
kitty
less
lib32-vulkan-swrast
libgtop
libjpeg
libnotify
libpng
libpulse
libsoup3
libultrahdr
libwebp
linux-zen
linux-zen-headers
loupe
lz4
matugen-bin
mesa
meson
mpv
mtp
mtpfs
nautilus
neovim
networkmanager
noto-fonts
noto-fonts-cjk
noto-fonts-emoji
noto-fonts-extra
nwg-dock-hyprland
nwg-drawer
nwg-look
oh-my-posh
otf-font-awesome
pacman-contrib
pamixer
pango
paru
pavucontrol
perl
pipes.sh
pipewire
pipewire-alsa
pipewire-jack
pipewire-pulse
pkg-config
playerctl
pokego
polkit-kde-agent
power-profiles-daemon
python
qt5-graphicaleffects
qt5-quickcontrols2
qt5-svg
qt5-wayland
qt6-wayland
rate-mirrors
resources
ripgrep
rofi-wayland
rsync
rustup
sddm
sh
smartmontools
socat
spicetify-cli
spotify
stow
tmux
tree
ttf-firacode-nerd
ttf-font-awesome
ttf-jetbrains-mono-nerd
unzip
upower
vi
vulkan-swrast
vulkan-tools
wayland
waypaper
wev
wf-recorder-git
wget
wireless_tools
wireplumber
wl-clipboard
wpa_supplicant
xdg-desktop-portal-hyprland
xdg-utils
xf86-input-libinput
xorg
xorg-server
xorg-xinit
xorg-xwayland
yank
yay
yazi
zoxide
