ags-hyprpanel-git
aylurs-gtk-shell-git
atuin
base
base-devel
bluez
bluez-utils
brightnessctl
btop
cairo
catppuccin-cursors-mocha
catppuccin-gtk-theme-mocha
cava
chafa
chezmoi
clang
cliphist
cmake
cmatrix-git
cpio
curl
dart-sass
fastfetch
fd
ffmpeg
firefox
fish
flatpak
fuse
fzf
gcc
gearlever
git
gpp
grimblast-git
grub
gst-plugin-pipewire
gtksourceview3
gvfs
gvfs-mtp
hyprland
hyprpicker
hyprsunset-git
imagemagick
jmtpfs
keyd
kitty
lib32-vulkan-swrast
libgtop
libjpeg
libnotify
libpng
libpulse
libsoup3
libultrahdr
libwebp
linux-zen
linux-zen-headers
lz4
matugen-bin
mesa
meson
mtp
mtpfs
nautilus
neovim
networkmanager
noto-fonts
noto-fonts-cjk
noto-fonts-emoji
noto-fonts-extra
nwg-look
otf-font-awesome
pacman-contrib
pamixer
pango
paru
pavucontrol
perl
pipes.sh
pipewire
pipewire-alsa
pipewire-jack
pipewire-pulse
pkg-config
playerctl
pokego
polkit-kde-agent
power-profiles-daemon
python
qt5-graphicaleffects
qt5-quickcontrols2
qt5-svg
qt5-wayland
qt6-wayland
rate-mirrors
resources
ripgrep
rofi-wayland
rustup
sddm
smartmontools
spicetify-cli
spotify
swww
tmux
tree
ttf-firacode-nerd
ttf-font-awesome
ttf-jetbrains-mono-nerd
unzip
upower
vulkan-swrast
vulkan-tools
wayland
wf-recorder-git
wget
wireless_tools
wireplumber
wl-clipboard
wpa_supplicant
xdg-desktop-portal-hyprland
xdg-utils
xf86-input-libinput
xorg
xorg-server
xorg-xinit
xorg-xwayland
yank
yay
yazi
zoxide
oh-my-posh
